// Jest Snapshot v1, https://goo.gl/fbAQLP

exports[`Initial test suite Lambda stack snapshot 1`] = `
{
  "webHookLambda3427ABA6": {
    "DependsOn": [
      "webHookLambdaServiceRole1A032560",
    ],
    "Properties": {
      "Code": {
        "S3Bucket": {
          "Fn::Sub": "cdk-hnb659fds-assets-\${AWS::AccountId}-\${AWS::Region}",
        },
        "S3Key": "27b9d9a047e91bfc3e09cb45a9bb997023cf3e136685506776aac591d5be04d8.zip",
      },
      "Handler": "index.handler",
      "Role": {
        "Fn::GetAtt": [
          "webHookLambdaServiceRole1A032560",
          "Arn",
        ],
      },
      "Runtime": "nodejs18.x",
    },
    "Type": "AWS::Lambda::Function",
  },
}
`;

exports[`Initial test suite Monitor stack snapshots 1`] = `
{
  "Parameters": {
    "BootstrapVersion": {
      "Default": "/cdk-bootstrap/hnb659fds/version",
      "Description": "Version of the CDK Bootstrap resources in this environment, automatically retrieved from SSM Parameter Store. [cdk:skip]",
      "Type": "AWS::SSM::Parameter::Value<String>",
    },
  },
  "Resources": {
    "AlarmTopicD01E77F9": {
      "Properties": {
        "DisplayName": "AlarmTopic",
        "TopicName": "AlarmTopic",
      },
      "Type": "AWS::SNS::Topic",
    },
    "spacesApi4xxAlarmA15E009C": {
      "Properties": {
        "AlarmActions": [
          {
            "Ref": "AlarmTopicD01E77F9",
          },
        ],
        "AlarmName": "SpacesApi4xxAlarm",
        "ComparisonOperator": "GreaterThanOrEqualToThreshold",
        "Dimensions": [
          {
            "Name": "ApiName",
            "Value": "SpacesApi",
          },
        ],
        "EvaluationPeriods": 1,
        "MetricName": "4XXError",
        "Namespace": "AWS/ApiGateway",
        "OKActions": [
          {
            "Ref": "AlarmTopicD01E77F9",
          },
        ],
        "Period": 60,
        "Statistic": "Sum",
        "Threshold": 5,
        "Unit": "Count",
      },
      "Type": "AWS::CloudWatch::Alarm",
    },
    "webHookLambda3427ABA6": {
      "DependsOn": [
        "webHookLambdaServiceRole1A032560",
      ],
      "Properties": {
        "Code": {
          "S3Bucket": {
            "Fn::Sub": "cdk-hnb659fds-assets-\${AWS::AccountId}-\${AWS::Region}",
          },
          "S3Key": "27b9d9a047e91bfc3e09cb45a9bb997023cf3e136685506776aac591d5be04d8.zip",
        },
        "Handler": "index.handler",
        "Role": {
          "Fn::GetAtt": [
            "webHookLambdaServiceRole1A032560",
            "Arn",
          ],
        },
        "Runtime": "nodejs18.x",
      },
      "Type": "AWS::Lambda::Function",
    },
    "webHookLambdaAlarmTopic3DF832BF": {
      "Properties": {
        "Endpoint": {
          "Fn::GetAtt": [
            "webHookLambda3427ABA6",
            "Arn",
          ],
        },
        "Protocol": "lambda",
        "TopicArn": {
          "Ref": "AlarmTopicD01E77F9",
        },
      },
      "Type": "AWS::SNS::Subscription",
    },
    "webHookLambdaAllowInvokeMonitorStackAlarmTopic9F999C82CCFBCA23": {
      "Properties": {
        "Action": "lambda:InvokeFunction",
        "FunctionName": {
          "Fn::GetAtt": [
            "webHookLambda3427ABA6",
            "Arn",
          ],
        },
        "Principal": "sns.amazonaws.com",
        "SourceArn": {
          "Ref": "AlarmTopicD01E77F9",
        },
      },
      "Type": "AWS::Lambda::Permission",
    },
    "webHookLambdaServiceRole1A032560": {
      "Properties": {
        "AssumeRolePolicyDocument": {
          "Statement": [
            {
              "Action": "sts:AssumeRole",
              "Effect": "Allow",
              "Principal": {
                "Service": "lambda.amazonaws.com",
              },
            },
          ],
          "Version": "2012-10-17",
        },
        "ManagedPolicyArns": [
          {
            "Fn::Join": [
              "",
              [
                "arn:",
                {
                  "Ref": "AWS::Partition",
                },
                ":iam::aws:policy/service-role/AWSLambdaBasicExecutionRole",
              ],
            ],
          },
        ],
      },
      "Type": "AWS::IAM::Role",
    },
  },
  "Rules": {
    "CheckBootstrapVersion": {
      "Assertions": [
        {
          "Assert": {
            "Fn::Not": [
              {
                "Fn::Contains": [
                  [
                    "1",
                    "2",
                    "3",
                    "4",
                    "5",
                  ],
                  {
                    "Ref": "BootstrapVersion",
                  },
                ],
              },
            ],
          },
          "AssertDescription": "CDK bootstrap stack version 6 required. Please run 'cdk bootstrap' with a recent version of the CDK CLI.",
        },
      ],
    },
  },
}
`;

exports[`Initial test suite SnsTopic stack snapshot 1`] = `
{
  "AlarmTopicD01E77F9": {
    "Properties": {
      "DisplayName": "AlarmTopic",
      "TopicName": "AlarmTopic",
    },
    "Type": "AWS::SNS::Topic",
  },
}
`;
